******************************************************************************
                  TI ARM Linker Unix v20.2.7                   
******************************************************************************
>> Linked Mon Nov  7 12:47:43 2022

OUTPUT FILE NAME:   <Input.out>
ENTRY POINT SYMBOL: "_c_int00_noinit_noargs"  address: 000004e1


MEMORY CONFIGURATION

         name            origin    length      used     unused   attr    fill
----------------------  --------  ---------  --------  --------  ----  --------
  FLASH                 00000000   00040000  00000540  0003fac0  R  X
  SRAM                  20000000   00008000  00000200  00007e00  RW X


SEGMENT ALLOCATION MAP

run origin  load origin   length   init length attrs members
----------  ----------- ---------- ----------- ----- -------
00000000    00000000    00000540   00000540    r-x
  00000000    00000000    0000026c   0000026c    r-- .intvecs
  0000026c    0000026c    000002d4   000002d4    r-x .text
20000000    20000000    00000200   00000000    rw-
  20000000    20000000    00000200   00000000    rw- .stack


SECTION ALLOCATION MAP

 output                                  attributes/
section   page    origin      length       input sections
--------  ----  ----------  ----------   ----------------
.intvecs   0    00000000    0000026c     
                  00000000    0000026c     tm4c1233h6pm_startup_ccs.obj (.intvecs)

.text      0    0000026c    000002d4     
                  0000026c    0000016c     driverlib.lib : gpio.obj (.text:GPIOPadConfigSet)
                  000003d8    00000070     main_input.obj (.text)
                  00000448    00000038     driverlib.lib : sysctl.obj (.text:SysCtlPeripheralReady)
                  00000480    00000034                   : sysctl.obj (.text:SysCtlPeripheralEnable)
                  000004b4    0000002c                   : gpio.obj (.text:GPIODirModeSet)
                  000004e0    0000002c     rtsv7M4_T_le_v4SPD16_eabi.lib : boot_cortex_m.c.obj (.text:_c_int00_noinit_noargs:_c_int00_noinit_noargs)
                  0000050c    0000001a     driverlib.lib : gpio.obj (.text:GPIOPinTypeGPIOOutput)
                  00000526    0000000c     tm4c1233h6pm_startup_ccs.obj (.text)
                  00000532    00000006     driverlib.lib : gpio.obj (.text:GPIOPinWrite)
                  00000538    00000004     rtsv7M4_T_le_v4SPD16_eabi.lib : pre_init.c.obj (.text:_system_pre_init)
                  0000053c    00000004                                   : exit.c.obj (.text:abort:abort)

.cinit     0    00000000    00000000     UNINITIALIZED

.init_array 
*          0    00000000    00000000     UNINITIALIZED

.stack     0    20000000    00000200     UNINITIALIZED
                  20000000    00000004     rtsv7M4_T_le_v4SPD16_eabi.lib : boot_cortex_m.c.obj (.stack)
                  20000004    000001fc     --HOLE--

__llvm_prf_cnts 
*          0    20000000    00000000     UNINITIALIZED

MODULE SUMMARY

       Module                         code   ro data   rw data
       ------                         ----   -------   -------
    ./
       tm4c1233h6pm_startup_ccs.obj   12     620       0      
       main_input.obj                 112    0         0      
    +--+------------------------------+------+---------+---------+
       Total:                         124    620       0      
                                                              
    /home/kurt/bin/code_composer/ccs1210/ccs/tools/compiler/ti-cgt-arm_20.2.7.LTS/lib/rtsv7M4_T_le_v4SPD16_eabi.lib
       boot_cortex_m.c.obj            44     0         0      
       exit.c.obj                     4      0         0      
       pre_init.c.obj                 4      0         0      
    +--+------------------------------+------+---------+---------+
       Total:                         52     0         0      
                                                              
    /home/kurt/bin/code_composer/install_files/tivaware-2.2.0.295/driverlib/ccs/Debug/driverlib.lib
       gpio.obj                       440    0         0      
       sysctl.obj                     108    0         0      
    +--+------------------------------+------+---------+---------+
       Total:                         548    0         0      
                                                              
       Stack:                         0      0         512    
    +--+------------------------------+------+---------+---------+
       Grand Total:                   724    620       512    


GLOBAL SYMBOLS: SORTED ALPHABETICALLY BY Name 

address   name                   
-------   ----                   
0000053d  C$$EXIT                
000004b5  GPIODirModeSet         
0000026d  GPIOPadConfigSet       
0000050d  GPIOPinTypeGPIOOutput  
00000533  GPIOPinWrite           
00000527  ResetISR               
00000481  SysCtlPeripheralEnable 
00000449  SysCtlPeripheralReady  
20000200  __STACK_END            
00000200  __STACK_SIZE           
20000200  __STACK_TOP            
ffffffff  __TI_pprof_out_hndl    
ffffffff  __TI_prof_data_size    
ffffffff  __TI_prof_data_start   
00000000  __TI_static_base__     
ffffffff  __binit__              
ffffffff  __c_args__             
UNDEFED   __mpu_init             
20000000  __stack                
20000000  __start___llvm_prf_cnts
20000000  __stop___llvm_prf_cnts 
000004e1  _c_int00_noinit_noargs 
00000539  _system_pre_init       
0000053d  abort                  
ffffffff  binit                  
00000000  g_pfnVectors           
000003d9  main                   


GLOBAL SYMBOLS: SORTED BY Symbol Address 

address   name                   
-------   ----                   
00000000  __TI_static_base__     
00000000  g_pfnVectors           
00000200  __STACK_SIZE           
0000026d  GPIOPadConfigSet       
000003d9  main                   
00000449  SysCtlPeripheralReady  
00000481  SysCtlPeripheralEnable 
000004b5  GPIODirModeSet         
000004e1  _c_int00_noinit_noargs 
0000050d  GPIOPinTypeGPIOOutput  
00000527  ResetISR               
00000533  GPIOPinWrite           
00000539  _system_pre_init       
0000053d  C$$EXIT                
0000053d  abort                  
20000000  __stack                
20000000  __start___llvm_prf_cnts
20000000  __stop___llvm_prf_cnts 
20000200  __STACK_END            
20000200  __STACK_TOP            
ffffffff  __TI_pprof_out_hndl    
ffffffff  __TI_prof_data_size    
ffffffff  __TI_prof_data_start   
ffffffff  __binit__              
ffffffff  __c_args__             
ffffffff  binit                  
UNDEFED   __mpu_init             

[27 symbols]
